// Jest Snapshot v1, https://goo.gl/fbAQLP

exports[`fermentable docs should match snapshot 1`] = `
"The schema defines the following types:

## FermentableBase 

FermentableBase provides unique properties to identify individual records of fermentable ingredients

**FermentableBase** is an object with these properties:

|Name|Required|Type|Description|
|--|--|--|--|
| **name** | :white_check_mark: | string|  |
| **type** | :white_check_mark: | \`\\"dry extract\\"\`<br/>\`\\"extract\\"\`<br/>\`\\"grain\\"\`<br/>\`\\"sugar\\"\`<br/>\`\\"fruit\\"\`<br/>\`\\"juice\\"\`<br/>\`\\"honey\\"\`<br/>\`\\"other\\"\`|  |
| **origin** |  | string|  |
| **supplier** |  | string|  |
| **grain_group** |  | \`\\"base\\"\`<br/>\`\\"caramel\\"\`<br/>\`\\"flaked\\"\`<br/>\`\\"roasted\\"\`<br/>\`\\"specialty\\"\`<br/>\`\\"smoked\\"\`<br/>\`\\"adjunct\\"\`|  |
| **yield** | :white_check_mark: | [YieldType](#yieldtype)|  |
| **color** | :white_check_mark: | [ColorType](measureable_units.json.md#colortype)|  |

## FermentableType 

FermentableType collects the attributes of a fermentable ingredient to store as record information

**FermentableType** is an object with all properties from [FermentableBase](#fermentablebase) and these additional properties:

|Name|Required|Type|Description|
|--|--|--|--|
| **notes** |  | string|  |
| **moisture** |  | [PercentType](measureable_units.json.md#percenttype)|  |
| **alpha_amylase** |  | number|  |
| **diastatic_power** |  | [DiastaticPowerType](measureable_units.json.md#diastaticpowertype)|  |
| **protein** |  | [PercentType](measureable_units.json.md#percenttype)|  |
| **soluble_nitrogen_ratio** |  | number|  |
| **max_in_batch** |  | [PercentType](measureable_units.json.md#percenttype)|  |
| **recommend_mash** |  | boolean|  |
| **inventory** |  | [FermentableInventoryType](#fermentableinventorytype)|  |

## FermentableAdditionType 

FermentableAdditionType collects the attributes of each fermentable ingredient for use in a recipe fermentable bill

**FermentableAdditionType** is an object with all properties from [FermentableBase](#fermentablebase) and these additional properties:

|Name|Required|Type|Description|
|--|--|--|--|
| **timing** |  | [TimingType](timing.json.md#timingtype)|  |
| **amount** |  |  [VolumeType](measureable_units.json.md#volumetype) or  [MassType](measureable_units.json.md#masstype)|  |

## YieldType 

*no description yet*

**YieldType** is an object with these properties:

|Name|Required|Type|Description|
|--|--|--|--|
| **fine_grind** |  | [PercentType](measureable_units.json.md#percenttype)|  |
| **coarse_grind** |  | [PercentType](measureable_units.json.md#percenttype)|  |
| **fine_coarse_difference** |  | [PercentType](measureable_units.json.md#percenttype)|  |
| **potential** |  | [GravityType](measureable_units.json.md#gravitytype)|  |

## FermentableInventoryType 

*no description yet*

**FermentableInventoryType** is an object with these properties:

|Name|Required|Type|Description|
|--|--|--|--|
| **amount** |  |  [VolumeType](measureable_units.json.md#volumetype) or  [MassType](measureable_units.json.md#masstype)|  |

"
`;

exports[`format oneOf property type should match snapshot 1`] = `" [VolumeType](measureable_units.json.md#volumetype) or  [MassType](measureable_units.json.md#masstype)"`;

exports[`format simple type should match snapshot 1`] = `
"## SpecificVolumeUnitType 

*no description yet*

\`\\"qt/lb\\"\`<br/>\`\\"gal/lb\\"\`<br/>\`\\"gal/oz\\"\`<br/>\`\\"l/g\\"\`<br/>\`\\"l/kg\\"\`<br/>\`\\"floz/oz\\"\`<br/>\`\\"m^3/kg\\"\`<br/>\`\\"ft^3/lb\\"\`
"
`;

exports[`format type with pattern should match snapshot 1`] = `"RegExp pattern: \`\\\\d{4}-\\\\d{2}-\\\\d{2}|\\\\d{4}-\\\\d{2}-\\\\d{2}T\\\\d{2}:\\\\d{2}:\\\\d{2}\`"`;

exports[`formatArray should match snapshot 1`] = `"array of [FermentableType](fermentable.json.md#fermentabletype)"`;

exports[`formatTypeDefinition 1`] = `
"## FermentableBase 

FermentableBase provides unique properties to identify individual records of fermentable ingredients

**FermentableBase** is an object with these properties:

|Name|Required|Type|Description|
|--|--|--|--|
| **name** | :white_check_mark: | string|  |
| **type** | :white_check_mark: | \`\\"dry extract\\"\`<br/>\`\\"extract\\"\`<br/>\`\\"grain\\"\`<br/>\`\\"sugar\\"\`<br/>\`\\"fruit\\"\`<br/>\`\\"juice\\"\`<br/>\`\\"honey\\"\`<br/>\`\\"other\\"\`|  |
| **origin** |  | string|  |
| **supplier** |  | string|  |
| **grain_group** |  | \`\\"base\\"\`<br/>\`\\"caramel\\"\`<br/>\`\\"flaked\\"\`<br/>\`\\"roasted\\"\`<br/>\`\\"specialty\\"\`<br/>\`\\"smoked\\"\`<br/>\`\\"adjunct\\"\`|  |
| **yield** | :white_check_mark: | [YieldType](#yieldtype)|  |
| **color** | :white_check_mark: | [ColorType](measureable_units.json.md#colortype)|  |

"
`;

exports[`root schema docs 1`] = `
"**beerjson** is an object with these properties:

|Name|Required|Type|Description|
|--|--|--|--|
| **version** | :white_check_mark: | [VersionType](measureable_units.json.md#versiontype)| Explicitly encode beerjson version within list of records. |
| **fermentables** |  | array of [FermentableType](fermentable.json.md#fermentabletype)| Records for any ingredient that contributes to the gravity of the beer. |
| **miscellaneous_ingredients** |  | array of [MiscellaneousType](misc.json.md#miscellaneoustype)| Records for adjuncts which do not contribute to the gravity of the beer. |
| **hop_varieties** |  | array of [VarietyInformation](hop.json.md#varietyinformation)| Records detailing the many properties of unique hop varieties. |
| **cultures** |  | array of [CultureInformation](culture.json.md#cultureinformation)| Records detailing the wide array of unique cultures. |
| **profiles** |  | array of [WaterType](water.json.md#watertype)| Records for regional water profiles used in style-specific beer brewing. |
| **styles** |  | array of [StyleType](style.json.md#styletype)| Records detailing the characteristics of the beer styles for which judging guidelines have been established. |
| **mashes** |  | array of [MashProcedureType](mash.json.md#mashproceduretype)| A collection of steps providing process information for common mashing procedures. |
| **fermentations** |  | array of [FermentationProcedureType](fermentation.json.md#fermentationproceduretype)| A collection of steps providing process information for common fermentation procedures. |
| **recipes** |  | array of [RecipeType](recipe.json.md#recipetype)| Records containing a minimal collection of the description of ingredients, procedures and other required parameters necessary to recreate a batch of beer. |
| **equipments** |  | array of [EquipmentType](equipment.json.md#equipmenttype)| Provides necessary information for brewing equipment. |
| **boil** |  | array of [BoilProcedureType](boil.json.md#boilproceduretype)| A collection of steps providing process information for common boil procedures. |
| **packaging** |  | array of [PackagingProcedureType](packaging.json.md#packagingproceduretype)| A collection of steps providing process information for common packaging procedures. |
"
`;
